t_instrument_attributes.py
